# platform: paper 26.2
# source: synthetic (текст WatchdogThread; блокирующий SQL в основном потоке)
[21:40:10 ERROR]: ------------------------------
[21:40:10 ERROR]: The server has stopped responding! This is (probably) not a Paper bug.
[21:40:10 ERROR]: If you see a plugin in the Server thread dump below, then please report it to that author
[21:40:10 ERROR]: 	 *Especially* if it looks like HTTP or MySQL operations are occurring
[21:40:10 ERROR]: If you see a world save or edit, then it means you did far more than your server can handle at once
[21:40:10 ERROR]: 	 If this is the case, consider increasing timeout-time in spigot.yml but note that this will replace the crash with LARGE lag spikes
[21:40:10 ERROR]: If you are unsure or still think this is a Paper bug, please report this to https://github.com/PaperMC/Paper/issues
[21:40:10 ERROR]: Be sure to include ALL relevant console errors and Minecraft crash reports
[21:40:10 ERROR]: Paper version: 26.2-128-main@a1b2c3d (2026-09-10T10:00:00Z) (Implementing API version 26.2-R0.1-SNAPSHOT)
[21:40:10 ERROR]: ------------------------------
[21:40:10 ERROR]: Server thread dump (Look for plugins here before reporting to Paper!):
[21:40:10 ERROR]: ------------------------------
[21:40:10 ERROR]: Current Thread: Server thread
[21:40:10 ERROR]: 	PID: 38 | Suspended: false | Native: true | State: RUNNABLE
[21:40:10 ERROR]: 	Stack:
[21:40:10 ERROR]: 		java.base@21.0.4/sun.nio.ch.Net.poll(Native Method)
[21:40:10 ERROR]: 		MyStats.jar//dev.example.mystats.Storage.saveSync(Storage.java:77)
[21:40:10 ERROR]: 		net.minecraft.server.MinecraftServer.tickServer(MinecraftServer.java:1720)
[21:40:10 ERROR]: ------------------------------
